[2022-11-03T18:02:49.960+0000][gc,heap] Heap region size: 1M
[2022-11-03T18:02:49.964+0000][gc     ] Using G1
[2022-11-03T18:02:49.964+0000][gc,heap,coops] Heap address: 0x00000000e0000000, size: 512 MB, Compressed Oops mode: 32-bit
[2022-11-03T18:02:50.529+0000][gc,start     ] GC(0) Pause Young (Normal) (G1 Evacuation Pause)
[2022-11-03T18:02:50.531+0000][gc,task      ] GC(0) Using 10 workers of 10 for evacuation
[2022-11-03T18:02:50.538+0000][gc,phases    ] GC(0)   Pre Evacuate Collection Set: 0.0ms
[2022-11-03T18:02:50.538+0000][gc,phases    ] GC(0)   Evacuate Collection Set: 5.5ms
[2022-11-03T18:02:50.538+0000][gc,phases    ] GC(0)   Post Evacuate Collection Set: 0.8ms
[2022-11-03T18:02:50.539+0000][gc,phases    ] GC(0)   Other: 2.0ms
[2022-11-03T18:02:50.539+0000][gc,heap      ] GC(0) Eden regions: 25->0(21)
[2022-11-03T18:02:50.539+0000][gc,heap      ] GC(0) Survivor regions: 0->4(4)
[2022-11-03T18:02:50.539+0000][gc,heap      ] GC(0) Old regions: 0->4
[2022-11-03T18:02:50.539+0000][gc,heap      ] GC(0) Humongous regions: 0->0
[2022-11-03T18:02:50.539+0000][gc,metaspace ] GC(0) Metaspace: 16778K->16778K(1064960K)
[2022-11-03T18:02:50.540+0000][gc           ] GC(0) Pause Young (Normal) (G1 Evacuation Pause) 25M->7M(512M) 10.380ms
[2022-11-03T18:02:50.540+0000][gc,cpu       ] GC(0) User=0.04s Sys=0.02s Real=0.01s
[2022-11-03T18:04:35.622+0000][gc,heap,exit ] Heap
[2022-11-03T18:04:35.622+0000][gc,heap,exit ]  garbage-first heap   total 524288K, used 16868K [0x00000000e0000000, 0x0000000100000000)
[2022-11-03T18:04:35.623+0000][gc,heap,exit ]   region size 1024K, 14 young (14336K), 4 survivors (4096K)
[2022-11-03T18:04:35.623+0000][gc,heap,exit ]  Metaspace       used 19034K, capacity 19412K, committed 19584K, reserved 1067008K
[2022-11-03T18:04:35.623+0000][gc,heap,exit ]   class space    used 1942K, capacity 2089K, committed 2176K, reserved 1048576K
